Microchip MPLAB XC8 Compiler V2.05 ()

Linker command line:

-W-3 --edf=/Applications/microchip/xc8/v2.05/pic/dat/en_msgs.txt -cs \
  -h+dist/default/production/LCD.X.production.sym \
  --cmf=dist/default/production/LCD.X.production.cmf -z -Q18F4520 \
  -o/tmp/xcYN16Osk --defsym=__MPLAB_BUILD=1 \
  -Mdist/default/production/LCD.X.production.map -E1 -ver=XC8 --acfsm=1493 \
  -ASTACK=080h-05FFh -pstack=STACK -ACODE=00h-07FFFh -ACONST=00h-07FFFh \
  -ASMALLCONST=0600h-06FFhx122 -AMEDIUMCONST=0600h-07FFFh -ACOMRAM=01h-07Fh \
  -AABS1=00h-05FFh -ABIGRAM=01h-05FFh -ARAM=080h-0FFh,0100h-01FFhx5 \
  -ABANK0=080h-0FFh -ABANK1=0100h-01FFh -ABANK2=0200h-02FFh \
  -ABANK3=0300h-03FFh -ABANK4=0400h-04FFh -ABANK5=0500h-05FFh \
  -ASFR=0F80h-0FFFh -preset_vec=00h,intcode,intcodelo,powerup,init \
  -pramtop=0600h -psmallconst=SMALLCONST -pmediumconst=MEDIUMCONST \
  -pconst=CONST -AFARRAM=00h-00h -ACONFIG=0300000h-030000Dh -pconfig=CONFIG \
  -AIDLOC=0200000h-0200007h -pidloc=IDLOC -AEEDATA=0F00000h-0F000FFh \
  -peeprom_data=EEDATA \
  -prdata=COMRAM,nvrram=COMRAM,nvbit=COMRAM,rbss=COMRAM,rbit=COMRAM \
  -pfarbss=FARRAM,fardata=FARRAM,nvFARRAM=FARRAM \
  -pintsave_regs=BIGRAM,bigbss=BIGRAM,bigdata=BIGRAM -pbss=RAM \
  -pidata=CODE,irdata=CODE,ibigdata=CODE,ifardata=CODE -prparam=COMRAM \
  /tmp/xcUUnt60k.o dist/default/production/LCD.X.production.o 

Object code version is 3.11

Machine type is 18F4520

Call graph: (short form)




                Name                               Link     Load   Length Selector   Space Scale
/tmp/xcUUnt60k.o
                init                                  0        0        4        0       0
                idloc                            200000   200000        8   200000       0
                config                           300000   300000        E   300000       0
dist/default/production/LCD.X.production.o
                smallconst                          600      600       1C      300       0
                text7                               778      778       2C      30E       0
                text6                               7A4      7A4       20      30E       0
                text5                               7D2      7D2        E      30E       0
                text4                               61C      61C       72      30E       0
                text3                               74A      74A       2E      30E       0
                text2                               712      712       38      30E       0
                text1                               68E      68E       4A      30E       0
                text0                               6D8      6D8       3A      30E       0
                cstackCOMRAM                          1        1        A        1       1
                cinit                               7C4      7C4        E      30E       0

TOTAL           Name                               Link     Load   Length     Space
        CLASS   STACK          

        CLASS   CODE           
                init                                  0        0        4         0
                text7                               778      778       2C         0
                text6                               7A4      7A4       20         0
                text5                               7D2      7D2        E         0
                text4                               61C      61C       72         0
                text3                               74A      74A       2E         0
                text2                               712      712       38         0
                text1                               68E      68E       4A         0
                text0                               6D8      6D8       3A         0
                cinit                               7C4      7C4        E         0

        CLASS   CONST          

        CLASS   SMALLCONST     
                smallconst                          600      600       1C         0

        CLASS   MEDIUMCONST    

        CLASS   COMRAM         
                cstackCOMRAM                          1        1        A         1

        CLASS   ABS1           

        CLASS   BIGRAM         

        CLASS   RAM            

        CLASS   BANK0          

        CLASS   BANK1          

        CLASS   BANK2          

        CLASS   BANK3          

        CLASS   BANK4          

        CLASS   BANK5          

        CLASS   SFR            

        CLASS   FARRAM         

        CLASS   CONFIG         
                config                           300000   300000        E         0

        CLASS   IDLOC          
                idloc                            200000   200000        8         0

        CLASS   EEDATA         



SEGMENTS        Name                           Load    Length   Top    Selector   Space  Class

                reset_vec                      000000  000004  000004         0       0  CODE    
                cstackCOMRAM                   000001  00000A  00000B         1       1  COMRAM  
                text4                          00061C  0001C4  0007E0       30E       0  CODE    
                idloc                          200000  000008  200008    200000       0  IDLOC   
                smallconst                     000600  00001C  00061C       300       0  SMALLCON
                config                         300000  00000E  30000E    300000       0  CONFIG  


UNUSED ADDRESS RANGES

        Name                Unused          Largest block    Delta
        BANK0            000080-0000FF               80
        BANK1            000100-0001FF              100
        BANK2            000200-0002FF              100
        BANK3            000300-0003FF              100
        BANK4            000400-0004FF              100
        BANK5            000500-0005FF              100
        BIGRAM           00000B-0005FF              5F5
        CODE             000004-0005FF              5FC
                         0007E0-007FFF             7820
        COMRAM           00000B-00007F               75
        CONST            000004-0005FF              5FC
                         0007E0-007FFF             7820
        EEDATA           F00000-F000FF              100
        MEDIUMCONST      0007E0-007FFF             7820
        RAM              000080-0005FF              100
        SFR              000F80-000FFF               80
        SMALLCONST       0007E0-007FFF              100
        STACK            000080-0005FF              580

                                  Symbol Table

LCD_Cmd@cmd                 cstackCOMRAM 000003
LCD_Set_Pins@lower_nibble   cstackCOMRAM 000001
Lcd_Set_Cursor@col          cstackCOMRAM 000004
Lcd_Set_Cursor@lower_nibble cstackCOMRAM 000007
Lcd_Set_Cursor@position     cstackCOMRAM 000008
Lcd_Set_Cursor@row          cstackCOMRAM 000005
Lcd_Set_Cursor@upper_nibble cstackCOMRAM 000006
Lcd_Write_Char@alpha        cstackCOMRAM 000004
Lcd_Write_Char@lower_nibble cstackCOMRAM 000003
Lcd_Write_Char@upper_nibble cstackCOMRAM 000002
Lcd_Write_String@i          cstackCOMRAM 000009
Lcd_Write_String@string     cstackCOMRAM 000005
_LCD_Cmd                    text6        0007A4
_LCD_Set_Pins               text7        000778
_Lcd_Clear                  text5        0007D2
_Lcd_Init                   text4        00061C
_Lcd_Set_Cursor             text3        00074A
_Lcd_Write_Char             text2        000712
_Lcd_Write_String           text1        00068E
_RD0                        (abs)        007C18
_RD1                        (abs)        007C19
_RD2                        (abs)        007C1A
_RD3                        (abs)        007C1B
_RD4                        (abs)        007C1C
_RD5                        (abs)        007C1D
_TRISD                      (abs)        000F95
__CFG_BOREN$SBORDIS         (abs)        000000
__CFG_BORV$3                (abs)        000000
__CFG_CCP2MX$PORTC          (abs)        000000
__CFG_CP0$OFF               (abs)        000000
__CFG_CP1$OFF               (abs)        000000
__CFG_CP2$OFF               (abs)        000000
__CFG_CP3$OFF               (abs)        000000
__CFG_CPB$OFF               (abs)        000000
__CFG_CPD$OFF               (abs)        000000
__CFG_EBTR0$OFF             (abs)        000000
__CFG_EBTR1$OFF             (abs)        000000
__CFG_EBTR2$OFF             (abs)        000000
__CFG_EBTR3$OFF             (abs)        000000
__CFG_EBTRB$OFF             (abs)        000000
__CFG_FCMEN$OFF             (abs)        000000
__CFG_IESO$OFF              (abs)        000000
__CFG_LPT1OSC$OFF           (abs)        000000
__CFG_LVP$OFF               (abs)        000000
__CFG_MCLRE$ON              (abs)        000000
__CFG_OSC$INTIO7            (abs)        000000
__CFG_PBADEN$ON             (abs)        000000
__CFG_PWRT$OFF              (abs)        000000
__CFG_STVREN$ON             (abs)        000000
__CFG_WDT$OFF               (abs)        000000
__CFG_WDTPS$32768           (abs)        000000
__CFG_WRT0$OFF              (abs)        000000
__CFG_WRT1$OFF              (abs)        000000
__CFG_WRT2$OFF              (abs)        000000
__CFG_WRT3$OFF              (abs)        000000
__CFG_WRTB$OFF              (abs)        000000
__CFG_WRTC$OFF              (abs)        000000
__CFG_WRTD$OFF              (abs)        000000
__CFG_XINST$OFF             (abs)        000000
__HRAM                      (abs)        000000
__Habs1                     abs1         000000
__Hbank0                    bank0        000000
__Hbank1                    bank1        000000
__Hbank2                    bank2        000000
__Hbank3                    bank3        000000
__Hbank4                    bank4        000000
__Hbank5                    bank5        000000
__Hbigbss                   bigbss       000000
__Hbigdata                  bigdata      000000
__Hbigram                   bigram       000000
__Hbss                      bss          000000
__Hcinit                    cinit        000000
__Hclrtext                  clrtext      000000
__Hcomram                   comram       000000
__Hconfig                   config       30000E
__Hconst                    const        000000
__HcstackCOMRAM             cstackCOMRAM 000000
__Hdata                     data         000000
__Heeprom_data              eeprom_data  000000
__Hfarbss                   farbss       000000
__Hfardata                  fardata      000000
__Hibigdata                 ibigdata     000000
__Hidata                    idata        000000
__Hidloc                    idloc        200008
__Hifardata                 ifardata     000000
__Hinit                     init         000004
__Hintcode                  intcode      000000
__Hintcode_body             intcode_body 000000
__Hintcodelo                intcodelo    000000
__Hintentry                 intentry     000000
__Hintret                   intret       000000
__Hintsave_regs             intsave_regs 000000
__Hirdata                   irdata       000000
__Hmediumconst              mediumconst  000000
__HnvFARRAM                 nvFARRAM     000000
__Hnvbit                    nvbit        000000
__Hnvrram                   nvrram       000000
__Hparam                    rparam       000000
__Hpowerup                  powerup      000000
__Hram                      ram          000000
__Hramtop                   ramtop       000600
__Hrbit                     rbit         000000
__Hrbss                     rbss         000000
__Hrdata                    rdata        000000
__Hreset_vec                reset_vec    000000
__Hrparam                   rparam       000000
__Hsfr                      sfr          000000
__Hsmallconst               smallconst   00061C
__Hspace_0                  (abs)        30000E
__Hspace_1                  (abs)        00000B
__Hspace_2                  (abs)        000000
__Hstack                    stack        000000
__Hstruct                   struct       000000
__Htemp                     temp         000000
__Htext                     text         000000
__Htext0                    text0        000000
__Htext1                    text1        000000
__Htext2                    text2        000000
__Htext3                    text3        000000
__Htext4                    text4        000000
__Htext5                    text5        000000
__Htext6                    text6        000000
__Htext7                    text7        000000
__LRAM                      (abs)        000001
__Labs1                     abs1         000000
__Lbank0                    bank0        000000
__Lbank1                    bank1        000000
__Lbank2                    bank2        000000
__Lbank3                    bank3        000000
__Lbank4                    bank4        000000
__Lbank5                    bank5        000000
__Lbigbss                   bigbss       000000
__Lbigdata                  bigdata      000000
__Lbigram                   bigram       000000
__Lbss                      bss          000000
__Lcinit                    cinit        000000
__Lclrtext                  clrtext      000000
__Lcomram                   comram       000000
__Lconfig                   config       300000
__Lconst                    const        000000
__LcstackCOMRAM             cstackCOMRAM 000000
__Ldata                     data         000000
__Leeprom_data              eeprom_data  000000
__Lfarbss                   farbss       000000
__Lfardata                  fardata      000000
__Libigdata                 ibigdata     000000
__Lidata                    idata        000000
__Lidloc                    idloc        200000
__Lifardata                 ifardata     000000
__Linit                     init         000000
__Lintcode                  intcode      000000
__Lintcode_body             intcode_body 000000
__Lintcodelo                intcodelo    000000
__Lintentry                 intentry     000000
__Lintret                   intret       000000
__Lintsave_regs             intsave_regs 000000
__Lirdata                   irdata       000000
__Lmediumconst              mediumconst  000000
__LnvFARRAM                 nvFARRAM     000000
__Lnvbit                    nvbit        000000
__Lnvrram                   nvrram       000000
__Lparam                    rparam       000000
__Lpowerup                  powerup      000000
__Lram                      ram          000000
__Lramtop                   ramtop       000600
__Lrbit                     rbit         000000
__Lrbss                     rbss         000000
__Lrdata                    rdata        000000
__Lreset_vec                reset_vec    000000
__Lrparam                   rparam       000000
__Lsfr                      sfr          000000
__Lsmallconst               smallconst   000600
__Lspace_0                  (abs)        000000
__Lspace_1                  (abs)        000000
__Lspace_2                  (abs)        000000
__Lstack                    stack        000000
__Lstruct                   struct       000000
__Ltemp                     temp         000000
__Ltext                     text         000000
__Ltext0                    text0        000000
__Ltext1                    text1        000000
__Ltext2                    text2        000000
__Ltext3                    text3        000000
__Ltext4                    text4        000000
__Ltext5                    text5        000000
__Ltext6                    text6        000000
__Ltext7                    text7        000000
__S0                        (abs)        30000E
__S1                        (abs)        00000B
__S2                        (abs)        000000
___inthi_sp                 stack        000000
___intlo_sp                 stack        000000
___param_bank               (abs)        000000
___rparam_used              (abs)        000001
___sp                       stack        000000
__accesstop                 (abs)        000080
__activetblptr              (abs)        000001
__end_of_LCD_Cmd            text6        0007C4
__end_of_LCD_Set_Pins       text7        0007A4
__end_of_Lcd_Clear          text5        0007E0
__end_of_Lcd_Init           text4        00068E
__end_of_Lcd_Set_Cursor     text3        000778
__end_of_Lcd_Write_Char     text2        00074A
__end_of_Lcd_Write_String   text1        0006D8
__end_of__initialization    cinit        0007C4
__end_of_main               text0        000712
__initialization            cinit        0007C4
__mediumconst               mediumconst  000000
__pcinit                    cinit        0007C4
__pcstackCOMRAM             cstackCOMRAM 000001
__psmallconst               smallconst   000600
__ptext0                    text0        0006D8
__ptext1                    text1        00068E
__ptext2                    text2        000712
__ptext3                    text3        00074A
__ptext4                    text4        00061C
__ptext5                    text5        0007D2
__ptext6                    text6        0007A4
__ptext7                    text7        000778
__ramtop                    ramtop       000600
__size_of_LCD_Cmd           (abs)        000000
__size_of_LCD_Set_Pins      (abs)        000000
__size_of_Lcd_Clear         (abs)        000000
__size_of_Lcd_Init          (abs)        000000
__size_of_Lcd_Set_Cursor    (abs)        000000
__size_of_Lcd_Write_Char    (abs)        000000
__size_of_Lcd_Write_String  (abs)        000000
__size_of_main              (abs)        000000
__smallconst                smallconst   000600
_main                       text0        0006D8
end_of_initialization       cinit        0007C4
intlevel0                   text         000000
intlevel1                   text         000000
intlevel2                   text         000000
intlevel3                   text         000000
stackhi                     (abs)        0005FF
stacklo                     (abs)        000080
start                       init         000000
start_initialization        cinit        0007C4


FUNCTION INFORMATION:

 *************** function _main *****************
 Defined at:
		line 84 in file "main.c"
 Parameters:    Size  Location     Type
		None
 Auto vars:     Size  Location     Type
  i               2    0        unsigned int 
 Return value:  Size  Location     Type
                  1    wreg      void 
 Registers used:
		wreg, status,2, status,0, tblptrl, tblptrh, tblptru, cstack
 Tracked objects:
		On entry : 
		On exit  : 
		Unchanged: 
 Data sizes:     COMRAM   BANK0   BANK1   BANK2   BANK3   BANK4   BANK5
      Params:         0       0       0       0       0       0       0
      Locals:         0       0       0       0       0       0       0
      Temps:          0       0       0       0       0       0       0
      Totals:         0       0       0       0       0       0       0
Total ram usage:        0 bytes
 Hardware stack levels required when called:    3
 This function calls:
		_Lcd_Clear
		_Lcd_Init
		_Lcd_Set_Cursor
		_Lcd_Write_String
 This function is called by:
		Startup code after reset
 This function uses a non-reentrant model


 *************** function _Lcd_Write_String *****************
 Defined at:
		line 172 in file "./LCD_MODULE.h"
 Parameters:    Size  Location     Type
  string          2    4[COMRAM] PTR unsigned char 
		 -> STR_2(14), STR_1(11), 
 Auto vars:     Size  Location     Type
  i               2    8[COMRAM] int 
 Return value:  Size  Location     Type
                  1    wreg      void 
 Registers used:
		wreg, status,2, status,0, tblptrl, tblptrh, tblptru, cstack
 Tracked objects:
		On entry : 
		On exit  : 
		Unchanged: 
 Data sizes:     COMRAM   BANK0   BANK1   BANK2   BANK3   BANK4   BANK5
      Params:         2       0       0       0       0       0       0
      Locals:         2       0       0       0       0       0       0
      Temps:          2       0       0       0       0       0       0
      Totals:         6       0       0       0       0       0       0
Total ram usage:        6 bytes
 Hardware stack levels used:    1
 Hardware stack levels required when called:    2
 This function calls:
		_Lcd_Write_Char
 This function is called by:
		_main
 This function uses a non-reentrant model


 *************** function _Lcd_Write_Char *****************
 Defined at:
		line 139 in file "./LCD_MODULE.h"
 Parameters:    Size  Location     Type
  alpha           1    wreg     unsigned char 
 Auto vars:     Size  Location     Type
  alpha           1    3[COMRAM] unsigned char 
  lower_nibble    1    2[COMRAM] unsigned char 
  upper_nibble    1    1[COMRAM] unsigned char 
 Return value:  Size  Location     Type
                  1    wreg      void 
 Registers used:
		wreg, status,2, status,0, cstack
 Tracked objects:
		On entry : 
		On exit  : 
		Unchanged: 
 Data sizes:     COMRAM   BANK0   BANK1   BANK2   BANK3   BANK4   BANK5
      Params:         0       0       0       0       0       0       0
      Locals:         3       0       0       0       0       0       0
      Temps:          0       0       0       0       0       0       0
      Totals:         3       0       0       0       0       0       0
Total ram usage:        3 bytes
 Hardware stack levels used:    1
 Hardware stack levels required when called:    1
 This function calls:
		_LCD_Set_Pins
 This function is called by:
		_Lcd_Write_String
 This function uses a non-reentrant model


 *************** function _Lcd_Set_Cursor *****************
 Defined at:
		line 85 in file "./LCD_MODULE.h"
 Parameters:    Size  Location     Type
  row             1    wreg     unsigned char 
  col             1    3[COMRAM] unsigned char 
 Auto vars:     Size  Location     Type
  row             1    4[COMRAM] unsigned char 
  position        1    7[COMRAM] unsigned char 
  lower_nibble    1    6[COMRAM] unsigned char 
  upper_nibble    1    5[COMRAM] unsigned char 
 Return value:  Size  Location     Type
                  1    wreg      void 
 Registers used:
		wreg, status,2, status,0, cstack
 Tracked objects:
		On entry : 
		On exit  : 
		Unchanged: 
 Data sizes:     COMRAM   BANK0   BANK1   BANK2   BANK3   BANK4   BANK5
      Params:         1       0       0       0       0       0       0
      Locals:         4       0       0       0       0       0       0
      Temps:          0       0       0       0       0       0       0
      Totals:         5       0       0       0       0       0       0
Total ram usage:        5 bytes
 Hardware stack levels used:    1
 Hardware stack levels required when called:    2
 This function calls:
		_LCD_Cmd
 This function is called by:
		_main
 This function uses a non-reentrant model


 *************** function _Lcd_Init *****************
 Defined at:
		line 120 in file "./LCD_MODULE.h"
 Parameters:    Size  Location     Type
		None
 Auto vars:     Size  Location     Type
		None
 Return value:  Size  Location     Type
                  1    wreg      void 
 Registers used:
		wreg, status,2, cstack
 Tracked objects:
		On entry : 
		On exit  : 
		Unchanged: 
 Data sizes:     COMRAM   BANK0   BANK1   BANK2   BANK3   BANK4   BANK5
      Params:         0       0       0       0       0       0       0
      Locals:         0       0       0       0       0       0       0
      Temps:          1       0       0       0       0       0       0
      Totals:         1       0       0       0       0       0       0
Total ram usage:        1 bytes
 Hardware stack levels used:    1
 Hardware stack levels required when called:    2
 This function calls:
		_LCD_Cmd
		_LCD_Set_Pins
 This function is called by:
		_main
 This function uses a non-reentrant model


 *************** function _Lcd_Clear *****************
 Defined at:
		line 72 in file "./LCD_MODULE.h"
 Parameters:    Size  Location     Type
		None
 Auto vars:     Size  Location     Type
		None
 Return value:  Size  Location     Type
                  2   32[None  ] int 
 Registers used:
		wreg, status,2, cstack
 Tracked objects:
		On entry : 
		On exit  : 
		Unchanged: 
 Data sizes:     COMRAM   BANK0   BANK1   BANK2   BANK3   BANK4   BANK5
      Params:         0       0       0       0       0       0       0
      Locals:         0       0       0       0       0       0       0
      Temps:          0       0       0       0       0       0       0
      Totals:         0       0       0       0       0       0       0
Total ram usage:        0 bytes
 Hardware stack levels used:    1
 Hardware stack levels required when called:    2
 This function calls:
		_LCD_Cmd
 This function is called by:
		_main
 This function uses a non-reentrant model


 *************** function _LCD_Cmd *****************
 Defined at:
		line 48 in file "./LCD_MODULE.h"
 Parameters:    Size  Location     Type
  cmd             1    wreg     unsigned char 
 Auto vars:     Size  Location     Type
  cmd             1    2[COMRAM] unsigned char 
 Return value:  Size  Location     Type
                  1    wreg      void 
 Registers used:
		wreg, status,2, cstack
 Tracked objects:
		On entry : 
		On exit  : 
		Unchanged: 
 Data sizes:     COMRAM   BANK0   BANK1   BANK2   BANK3   BANK4   BANK5
      Params:         0       0       0       0       0       0       0
      Locals:         1       0       0       0       0       0       0
      Temps:          1       0       0       0       0       0       0
      Totals:         2       0       0       0       0       0       0
Total ram usage:        2 bytes
 Hardware stack levels used:    1
 Hardware stack levels required when called:    1
 This function calls:
		_LCD_Set_Pins
 This function is called by:
		_Lcd_Clear
		_Lcd_Set_Cursor
		_Lcd_Init
		_Lcd_Shift_Right
		_Lcd_Shift_Left
 This function uses a non-reentrant model


 *************** function _LCD_Set_Pins *****************
 Defined at:
		line 16 in file "./LCD_MODULE.h"
 Parameters:    Size  Location     Type
  lower_nibble    1    wreg     unsigned char 
 Auto vars:     Size  Location     Type
  lower_nibble    1    0[COMRAM] unsigned char 
 Return value:  Size  Location     Type
                  1    wreg      void 
 Registers used:
		wreg
 Tracked objects:
		On entry : 
		On exit  : 
		Unchanged: 
 Data sizes:     COMRAM   BANK0   BANK1   BANK2   BANK3   BANK4   BANK5
      Params:         0       0       0       0       0       0       0
      Locals:         1       0       0       0       0       0       0
      Temps:          0       0       0       0       0       0       0
      Totals:         1       0       0       0       0       0       0
Total ram usage:        1 bytes
 Hardware stack levels used:    1
 This function calls:
		Nothing
 This function is called by:
		_LCD_Cmd
		_Lcd_Init
		_Lcd_Write_Char
 This function uses a non-reentrant model



MODULE INFORMATION

Module		Function		Class		Link	Load	Size
./LCD_MODULE.h
		_Lcd_Write_String		CODE           	068E	0000	75
		_Lcd_Init      		CODE           	061C	0000	115
		_Lcd_Write_Char		CODE           	0712	0000	57
		_LCD_Cmd       		CODE           	07A4	0000	33
		_LCD_Set_Pins  		CODE           	0778	0000	45
		_Lcd_Set_Cursor		CODE           	074A	0000	47
		_Lcd_Clear     		CODE           	07D2	0000	15

./LCD_MODULE.h estimated size: 387

shared
		__initialization		CODE           	07C4	0000	1

shared estimated size: 1

main.c
		_main          		CODE           	06D8	0000	59

main.c estimated size: 59

